#
# There is insufficient memory for the Java Runtime Environment to continue.
# Native memory allocation (mmap) failed to map 201326592 bytes. Error detail: G1 virtual space
# Possible reasons:
#   The system is out of physical RAM or swap space
#   This process is running with CompressedOops enabled, and the Java Heap may be blocking the growth of the native heap
# Possible solutions:
#   Reduce memory load on the system
#   Increase physical memory or swap space
#   Check if swap backing store is full
#   Decrease Java heap size (-Xmx/-Xms)
#   Decrease number of Java threads
#   Decrease Java thread stack sizes (-Xss)
#   Set larger code cache with -XX:ReservedCodeCacheSize=
#   JVM is running with Zero Based Compressed Oops mode in which the Java heap is
#     placed in the first 32GB address space. The Java Heap base address is the
#     maximum limit for the native heap growth. Please use -XX:HeapBaseMinAddress
#     to set the Java Heap base and to place the Java Heap above 32GB virtual address.
# This output file may be truncated or incomplete.
#
#  Out of Memory Error (os_windows.cpp:3686), pid=19832, tid=18188
#
# JRE version:  (21.0.7+6) (build )
# Java VM: OpenJDK 64-Bit Server VM (21.0.7+6-LTS, mixed mode, sharing, tiered, compressed oops, compressed class ptrs, g1 gc, windows-amd64)
# No core dump will be written. Minidumps are not enabled by default on client versions of Windows
#

---------------  S U M M A R Y ------------

Command Line: -ea -Dfile.encoding=UTF-8 -Dstdout.encoding=UTF-8 -Dstderr.encoding=UTF-8 -XX:+ShowCodeDetailsInExceptionMessages org.testng.remote.RemoteTestNG -serport 61386 -protocol json -d C:\Users\AMIT\eclipse-workspace\GrowSkillIT_10thJun_Frameworks\test-output C:\Users\AMIT\AppData\Local\Temp\testng-eclipse-1568190122\testng-customsuite.xml

Host: Intel(R) Core(TM) i5-4310M CPU @ 2.70GHz, 4 cores, 11G,  Windows 10 , 64 bit Build 19041 (10.0.19041.5915)
Time: Thu Feb 26 16:59:56 2026 India Standard Time elapsed time: 0.032801 seconds (0d 0h 0m 0s)

---------------  T H R E A D  ---------------

Current thread (0x000001eac13dab50):  JavaThread "Unknown thread" [_thread_in_vm, id=18188, stack(0x0000003ab4300000,0x0000003ab4400000) (1024K)]

Stack: [0x0000003ab4300000,0x0000003ab4400000]
Native frames: (J=compiled Java code, j=interpreted, Vv=VM code, C=native code)
V  [jvm.dll+0x6ce119]
V  [jvm.dll+0x8a84a1]
V  [jvm.dll+0x8aa9ce]
V  [jvm.dll+0x8ab0b3]
V  [jvm.dll+0x27f8a6]
V  [jvm.dll+0x6ca945]
V  [jvm.dll+0x6bebea]
V  [jvm.dll+0x355eca]
V  [jvm.dll+0x35da96]
V  [jvm.dll+0x3af72e]
V  [jvm.dll+0x3af9d8]
V  [jvm.dll+0x32a05c]
V  [jvm.dll+0x32abbb]
V  [jvm.dll+0x871719]
V  [jvm.dll+0x3bc501]
V  [jvm.dll+0x85a743]
V  [jvm.dll+0x45080e]
V  [jvm.dll+0x452451]
C  [jli.dll+0x5278]
C  [ucrtbase.dll+0x21bb2]
C  [KERNEL32.DLL+0x17374]
C  [ntdll.dll+0x4cc91]


---------------  P R O C E S S  ---------------

Threads class SMR info:
_java_thread_list=0x00007ffeda04a0c8, length=0, elements={
}

Java Threads: ( => current thread )
Total: 0

Other Threads:
  0x000001eac363bc80 WorkerThread "GC Thread#0"                     [id=18804, stack(0x0000003ab4400000,0x0000003ab4500000) (1024K)]
  0x000001eac3648a00 ConcurrentGCThread "G1 Main Marker"            [id=10568, stack(0x0000003ab4500000,0x0000003ab4600000) (1024K)]
  0x000001eac3649d60 WorkerThread "G1 Conc#0"                       [id=2780, stack(0x0000003ab4600000,0x0000003ab4700000) (1024K)]

[error occurred during error reporting (printing all threads), id 0xc0000005, EXCEPTION_ACCESS_VIOLATION (0xc0000005) at pc=0x00007ffed974c987]
VM state: not at safepoint (not fully initialized)

VM Mutex/Monitor currently owned by a thread:  ([mutex/lock_event])
[0x00007ffeda0be408] Heap_lock - owner thread: 0x000001eac13dab50

Heap address: 0x0000000741600000, size: 3050 MB, Compressed Oops mode: Zero based, Oop shift amount: 3

CDS archive(s) mapped at: [0x0000000000000000-0x0000000000000000-0x0000000000000000), size 0, SharedBaseAddress: 0x0000000800000000, ArchiveRelocationMode: 1.
Narrow klass base: 0x0000000000000000, Narrow klass shift: 0, Narrow klass range: 0x0

GC Precious Log:
 CardTable entry size: 512
 Card Set container configuration: InlinePtr #cards 4 size 8 Array Of Cards #cards 16 size 48 Howl #buckets 8 coarsen threshold 3686 Howl Bitmap #cards 512 size 80 coarsen threshold 460 Card regions per heap region 1 cards per card region 4096

Heap:
 garbage-first heap   total 0K, used 0K [0x0000000741600000, 0x0000000800000000)
  region size 2048K, 0 young (0K), 0 survivors (0K)

[error occurred during error reporting (printing heap information), id 0xc0000005, EXCEPTION_ACCESS_VIOLATION (0xc0000005) at pc=0x00007ffed9b37949]
GC Heap History (0 events):
No events

Dll operation events (1 events):
Event: 0.019 Loaded shared library D:\Selinium\eclipse\plugins\org.eclipse.justj.openjdk.hotspot.jre.full.win32.x86_64_21.0.7.v20250502-0916\jre\bin\java.dll

Deoptimization events (0 events):
No events

Classes loaded (0 events):
No events

Classes unloaded (0 events):
No events

Classes redefined (0 events):
No events

Internal exceptions (0 events):
No events

ZGC Phase Switch (0 events):
No events

VM Operations (0 events):
No events

Memory protections (0 events):
No events

Nmethod flushes (0 events):
No events

Events (0 events):
No events


Dynamic libraries:
0x00007ff611940000 - 0x00007ff61194e000 	D:\Selinium\eclipse\plugins\org.eclipse.justj.openjdk.hotspot.jre.full.win32.x86_64_21.0.7.v20250502-0916\jre\bin\javaw.exe
0x00007fff0e730000 - 0x00007fff0e928000 	C:\Windows\SYSTEM32\ntdll.dll
0x00007fff0e4e0000 - 0x00007fff0e5a2000 	C:\Windows\System32\KERNEL32.DLL
0x00007fff0c1d0000 - 0x00007fff0c4c6000 	C:\Windows\System32\KERNELBASE.dll
0x00007fff0bfa0000 - 0x00007fff0c0a0000 	C:\Windows\System32\ucrtbase.dll
0x00007ffef8a70000 - 0x00007ffef8a88000 	D:\Selinium\eclipse\plugins\org.eclipse.justj.openjdk.hotspot.jre.full.win32.x86_64_21.0.7.v20250502-0916\jre\bin\jli.dll
0x00007fff0cf20000 - 0x00007fff0d0c1000 	C:\Windows\System32\USER32.dll
0x00007fff0c5c0000 - 0x00007fff0c5e2000 	C:\Windows\System32\win32u.dll
0x00007fff0e040000 - 0x00007fff0e06b000 	C:\Windows\System32\GDI32.dll
0x00007fff0bdc0000 - 0x00007fff0bed9000 	C:\Windows\System32\gdi32full.dll
0x00007fff0c4d0000 - 0x00007fff0c56d000 	C:\Windows\System32\msvcp_win.dll
0x00007ffef0220000 - 0x00007ffef023e000 	D:\Selinium\eclipse\plugins\org.eclipse.justj.openjdk.hotspot.jre.full.win32.x86_64_21.0.7.v20250502-0916\jre\bin\VCRUNTIME140.dll
0x00007fff01cf0000 - 0x00007fff01f8b000 	C:\Windows\WinSxS\amd64_microsoft.windows.common-controls_6595b64144ccf1df_6.0.19041.6456_none_60b8a6cb71f64256\COMCTL32.dll
0x00007fff0d3f0000 - 0x00007fff0d48e000 	C:\Windows\System32\msvcrt.dll
0x00007fff0d0f0000 - 0x00007fff0d11f000 	C:\Windows\System32\IMM32.DLL
0x00007fff08b30000 - 0x00007fff08b3c000 	D:\Selinium\eclipse\plugins\org.eclipse.justj.openjdk.hotspot.jre.full.win32.x86_64_21.0.7.v20250502-0916\jre\bin\vcruntime140_1.dll
0x00007ffee2ac0000 - 0x00007ffee2b4d000 	D:\Selinium\eclipse\plugins\org.eclipse.justj.openjdk.hotspot.jre.full.win32.x86_64_21.0.7.v20250502-0916\jre\bin\msvcp140.dll
0x00007ffed9410000 - 0x00007ffeda1a0000 	D:\Selinium\eclipse\plugins\org.eclipse.justj.openjdk.hotspot.jre.full.win32.x86_64_21.0.7.v20250502-0916\jre\bin\server\jvm.dll
0x00007fff0dd60000 - 0x00007fff0de11000 	C:\Windows\System32\ADVAPI32.dll
0x00007fff0d120000 - 0x00007fff0d1bf000 	C:\Windows\System32\sechost.dll
0x00007fff0db70000 - 0x00007fff0dc90000 	C:\Windows\System32\RPCRT4.dll
0x00007fff0bee0000 - 0x00007fff0bf07000 	C:\Windows\System32\bcrypt.dll
0x00007fff0d1c0000 - 0x00007fff0d22b000 	C:\Windows\System32\WS2_32.dll
0x00007fff0bc20000 - 0x00007fff0bc6b000 	C:\Windows\SYSTEM32\POWRPROF.dll
0x00007fff02b30000 - 0x00007fff02b57000 	C:\Windows\SYSTEM32\WINMM.dll
0x00007ffefb190000 - 0x00007ffefb19a000 	C:\Windows\SYSTEM32\VERSION.dll
0x00007fff0bc00000 - 0x00007fff0bc12000 	C:\Windows\SYSTEM32\UMPDC.dll
0x00007fff0a5d0000 - 0x00007fff0a5e2000 	C:\Windows\SYSTEM32\kernel.appcore.dll
0x00007fff02870000 - 0x00007fff0287a000 	D:\Selinium\eclipse\plugins\org.eclipse.justj.openjdk.hotspot.jre.full.win32.x86_64_21.0.7.v20250502-0916\jre\bin\jimage.dll
0x00007fff09a70000 - 0x00007fff09c71000 	C:\Windows\SYSTEM32\DBGHELP.DLL
0x00007ffeeea70000 - 0x00007ffeeeaa4000 	C:\Windows\SYSTEM32\dbgcore.DLL
0x00007fff0bf10000 - 0x00007fff0bf92000 	C:\Windows\System32\bcryptPrimitives.dll
0x00007ffeee3a0000 - 0x00007ffeee3bf000 	D:\Selinium\eclipse\plugins\org.eclipse.justj.openjdk.hotspot.jre.full.win32.x86_64_21.0.7.v20250502-0916\jre\bin\java.dll

dbghelp: loaded successfully - version: 4.0.5 - missing functions: none
symbol engine: initialized successfully - sym options: 0x614 - pdb path: .;D:\Selinium\eclipse\plugins\org.eclipse.justj.openjdk.hotspot.jre.full.win32.x86_64_21.0.7.v20250502-0916\jre\bin;C:\Windows\SYSTEM32;C:\Windows\WinSxS\amd64_microsoft.windows.common-controls_6595b64144ccf1df_6.0.19041.6456_none_60b8a6cb71f64256;D:\Selinium\eclipse\plugins\org.eclipse.justj.openjdk.hotspot.jre.full.win32.x86_64_21.0.7.v20250502-0916\jre\bin\server

VM Arguments:
jvm_args: -ea -Dfile.encoding=UTF-8 -Dstdout.encoding=UTF-8 -Dstderr.encoding=UTF-8 -XX:+ShowCodeDetailsInExceptionMessages 
java_command: org.testng.remote.RemoteTestNG -serport 61386 -protocol json -d C:\Users\AMIT\eclipse-workspace\GrowSkillIT_10thJun_Frameworks\test-output C:\Users\AMIT\AppData\Local\Temp\testng-eclipse-1568190122\testng-customsuite.xml
java_class_path (initial): D:\Selinium\eclipse\configuration\org.eclipse.osgi\526\0\.cp\lib\testng-remote.jar;C:\Users\AMIT\eclipse-workspace\GrowSkillIT_10thJun_Frameworks\target\test-classes;C:\Users\AMIT\eclipse-workspace\GrowSkillIT_10thJun_Frameworks\target\classes;D:\Selinium\eclipse\plugins\org.testng_7.11.0.r202503091654.jar;D:\Selinium\eclipse\plugins\com.beust.jcommander_1.83.0.jar;D:\Selinium\eclipse\plugins\slf4j.api_2.0.17.jar;D:\Selinium\eclipse\plugins\org.yaml.snakeyaml_2.2.0.jar;D:\Selinium\eclipse\plugins\org.webjars.jquery_3.7.1.jar;C:\Users\AMIT\.m2\repository\org\seleniumhq\selenium\selenium-java\4.40.0\selenium-java-4.40.0.jar;C:\Users\AMIT\.m2\repository\org\seleniumhq\selenium\selenium-api\4.40.0\selenium-api-4.40.0.jar;C:\Users\AMIT\.m2\repository\org\jspecify\jspecify\1.0.0\jspecify-1.0.0.jar;C:\Users\AMIT\.m2\repository\org\seleniumhq\selenium\selenium-chrome-driver\4.40.0\selenium-chrome-driver-4.40.0.jar;C:\Users\AMIT\.m2\repository\com\google\auto\service\auto-service-annotations\1.1.1\auto-service-annotations-1.1.1.jar;C:\Users\AMIT\.m2\repository\org\seleniumhq\selenium\selenium-chromium-driver\4.40.0\selenium-chromium-driver-4.40.0.jar;C:\Users\AMIT\.m2\repository\org\seleniumhq\selenium\selenium-json\4.40.0\selenium-json-4.40.0.jar;C:\Users\AMIT\.m2\repository\org\seleniumhq\selenium\selenium-manager\4.40.0\selenium-manager-4.40.0.jar;C:\Users\AMIT\.m2\repository\org\seleniumhq\selenium\selenium-devtools-v142\4.40.0\selenium-devtools-v142-4.40.0.jar;C:\Users\AMIT\.m2\repository\org\seleniumhq\selenium\selenium-devtools-v143\4.40.0\selenium-devtools-v143-4.40.0.jar;C:\Users\AMIT\.m2\repository\org\seleniumhq\selenium\selenium-devtools-v144\4.40.0\selenium-devtools-v144-4.40.0.jar;C:\Users\AMIT\.m2\repository\org\seleniumhq\selenium\selenium-edge-driver\4.40.0\selenium-edge-driver-4.40.0.jar;C:\Users\AMIT\.m2\repository\org\seleniumhq\selenium\selenium-firefox-driver\4.40.0\selenium-firefox-driver-4.40.0.jar;C:\Users\AMIT\.m2\repository\org\seleniumhq\selenium\selenium-http\4.40.0\selenium-http-4.40.0.jar;C:\Users\AMIT\.m2\repository\org\seleniumhq\selenium\selenium-ie-driver\4.40.0\selenium-ie-driver-4.40.0.jar;C:\Users\AMIT\.m2\repository\org\seleniumhq\selenium\selenium-remote-driver\4.40.0\selenium-remote-driver-4.40.0.jar;C:\Users\AMIT\.m2\repository\com\google\guava\guava\33.5.0-jre\guava-33.5.0-jre.jar;C:\Users\AMIT\.m2\repository\com\google\guava\failureaccess\1.0.3\failureaccess-1.0.3.jar;C:\Users\AMIT\.m2\repository\com\google\guava\listenablefuture\9999.0-empty-to-avoid-conflict-with-guava\listenablefuture-9999.0-empty-to-avoid-conflict-with-guava.jar;C:\Users\AMIT\.m2\repository\com\google\errorprone\error_prone_annotations\2.41.0\error_prone_annotations-2.41.0.jar;C:\Users\AMIT\.m2\repository\com\google\j2objc\j2objc-annotations\3.1\j2objc-annotations-3.1.jar;C:\Users\AMIT\.m2\repository\io\opentelemetry\opentelemetry-api\1.58.0\opentelemetry-api-1.58.0.jar;C:\Users\AMIT\.m2\repository\io\opentelemetry\opentelemetry-context\1.58.0\opentelemetry-context-1.58.0.jar;C:\Users\AMIT\.m2\repository\io\opentelemetry\opentelemetry-common\1.58.0\opentelemetry-common-1.58.0.jar;C:\Users\AMIT\.m2\repository\io\opentelemetry\opentelemetry-exporter-logging\1.58.0\opentelemetry-exporter-logging-1.58.0.jar;C:\Users\AMIT\.m2\repository\io\opentelemetry\opentelemetry-sdk-common\1.58.0\opentelemetry-sdk-common-1.58.0.jar;C:\Users\AMIT\.m2\repository\io\opentelemetry\opentelemetry-sdk-extension-autoconfigure-spi\1.58.0\opentelemetry-sdk-extension-autoconfigure-spi-1.58.0.jar;C:\Users\AMIT\.m2\repository\io\opentelemetry\opentelemetry-sdk-extension-autoconfigure\1.58.0\opentelemetry-sdk-extension-autoconfigure-1.58.0.jar;C:\Users\AMIT\.m2\repository\io\opentelemetry\opentelemetry-sdk-trace\1.58.0\opentelemetry-sdk-trace-1.58.0.jar;C:\Users\AMIT\.m2\repository\io\opentelemetry\opentelemetry-sdk\1.58.0\opentelemetry-sdk-1.58.0.jar;C:\Users\AMIT\.m2\repository\io\opentelemetry\opentelemetry-sdk-metrics\1.58.0\opentelemetry-sdk-metrics-1.58.0.jar;C:\Users\AMIT\.m2\repository\io\opentelemetry\opentelemetry-sdk-logs\1.58.0\opentelemetry-sdk-logs-1.58.0.jar;C:\Users\AMIT\.m2\repository\net\bytebuddy\byte-buddy\1.18.4\byte-buddy-1.18.4.jar;C:\Users\AMIT\.m2\repository\org\seleniumhq\selenium\selenium-os\4.40.0\selenium-os-4.40.0.jar;C:\Users\AMIT\.m2\repository\org\seleniumhq\selenium\selenium-safari-driver\4.40.0\selenium-safari-driver-4.40.0.jar;C:\Users\AMIT\.m2\repository\org\seleniumhq\selenium\selenium-support\4.40.0\selenium-support-4.40.0.jar;C:\Users\AMIT\.m2\repository\org\testng\testng\7.11.0\testng-7.11.0.jar;C:\Users\AMIT\.m2\repository\org\slf4j\slf4j-api\2.0.16\slf4j-api-2.0.16.jar;C:\Users\AMIT\.m2\repository\org\jcommander\jcommander\1.83\jcommander-1.83.jar;C:\Users\AMIT\.m2\repository\org\webjars\jquery\3.7.1\jquery-3.7.1.jar;C:\Users\AMIT\.m2\repository\org\apache\poi\poi-ooxml\5.4.1\poi-ooxml-5.4.1.jar;C:\Users\AMIT\.m2\repository\org\apache\poi\poi\5.4.1\poi-5.4.1.jar;C:\Users\AMIT\.m2\repository\commons-codec\commons-codec\1.18.0\commons-codec-1.18.0.jar;C:\Users\AMIT\.m2\repository\org\apache\commons\commons-math3\3.6.1\commons-math3-3.6.1.jar;C:\Users\AMIT\.m2\repository\com\zaxxer\SparseBitSet\1.3\SparseBitSet-1.3.jar;C:\Users\AMIT\.m2\repository\org\apache\poi\poi-ooxml-lite\5.4.1\poi-ooxml-lite-5.4.1.jar;C:\Users\AMIT\.m2\repository\org\apache\xmlbeans\xmlbeans\5.3.0\xmlbeans-5.3.0.jar;C:\Users\AMIT\.m2\repository\org\apache\commons\commons-compress\1.27.1\commons-compress-1.27.1.jar;C:\Users\AMIT\.m2\repository\org\apache\commons\commons-lang3\3.16.0\commons-lang3-3.16.0.jar;C:\Users\AMIT\.m2\repository\commons-io\commons-io\2.18.0\commons-io-2.18.0.jar;C:\Users\AMIT\.m2\repository\com\github\virtuald\curvesapi\1.08\curvesapi-1.08.jar;C:\Users\AMIT\.m2\repository\org\apache\logging\log4j\log4j-api\2.24.3\log4j-api-2.24.3.jar;C:\Users\AMIT\.m2\repository\org\apache\commons\commons-collections4\4.4\commons-collections4-4.4.jar
Launcher Type: SUN_STANDARD

[Global flags]
     intx CICompilerCount                          = 3                                         {product} {ergonomic}
     uint ConcGCThreads                            = 1                                         {product} {ergonomic}
     uint G1ConcRefinementThreads                  = 4                                         {product} {ergonomic}
   size_t G1HeapRegionSize                         = 2097152                                   {product} {ergonomic}
    uintx GCDrainStackTargetSize                   = 64                                        {product} {ergonomic}
   size_t InitialHeapSize                          = 201326592                                 {product} {ergonomic}
   size_t MarkStackSize                            = 4194304                                   {product} {ergonomic}
   size_t MaxHeapSize                              = 3198156800                                {product} {ergonomic}
   size_t MinHeapDeltaBytes                        = 2097152                                   {product} {ergonomic}
   size_t MinHeapSize                              = 8388608                                   {product} {ergonomic}
    uintx NonNMethodCodeHeapSize                   = 5832780                                {pd product} {ergonomic}
    uintx NonProfiledCodeHeapSize                  = 122912730                              {pd product} {ergonomic}
    uintx ProfiledCodeHeapSize                     = 122912730                              {pd product} {ergonomic}
    uintx ReservedCodeCacheSize                    = 251658240                              {pd product} {ergonomic}
     bool SegmentedCodeCache                       = true                                      {product} {ergonomic}
     bool ShowCodeDetailsInExceptionMessages       = true                                   {manageable} {command line}
   size_t SoftMaxHeapSize                          = 3198156800                             {manageable} {ergonomic}
     bool UseCompressedOops                        = true                           {product lp64_product} {ergonomic}
     bool UseG1GC                                  = true                                      {product} {ergonomic}
     bool UseLargePagesIndividualAllocation        = false                                  {pd product} {ergonomic}

Logging:
Log output configuration:
 #0: stdout all=warning uptime,level,tags foldmultilines=false
 #1: stderr all=off uptime,level,tags foldmultilines=false

Environment Variables:
JAVA_HOME=C:\Program Files\Java\jdk-24
PATH=D:/Selinium/eclipse//plugins/org.eclipse.justj.openjdk.hotspot.jre.full.win32.x86_64_21.0.8.v20250724-1412/jre/bin/server;D:/Selinium/eclipse//plugins/org.eclipse.justj.openjdk.hotspot.jre.full.win32.x86_64_21.0.8.v20250724-1412/jre/bin;C:\Python314\Scripts\;C:\Python314\;C:\Program Files\Common Files\Oracle\Java\javapath;C:\Program Files (x86)\Intel\iCLS Client\;C:\Program Files\Intel\iCLS Client\;C:\Windows\system32;C:\Windows;C:\Windows\System32\Wbem;C:\Windows\System32\WindowsPowerShell\v1.0\;C:\Windows\System32\OpenSSH\;C:\Program Files (x86)\Intel\Intel(R) Management Engine Components\DAL;C:\Program Files\Intel\Intel(R) Management Engine Components\DAL;C:\Program Files (x86)\Intel\Intel(R) Management Engine Components\IPT;C:\Program Files\Intel\Intel(R) Management Engine Components\IPT;C:\Program Files\dotnet\;C:\Program Files\Java\jdk-24\bin;C:\Program Files\Java\jdk-24\lib;D:\Selinium\apache-maven-3.9.11-bin\apache-maven-3.9.11\bin;D:\Selinium\apache-maven-3.9.11-bin\apache-maven-3.9.11\bin;C:\Program Files\Git\cmd;C:\Program Files\nodejs\;C:\ProgramData\chocolatey\bin;C:\Users\AMIT\AppData\Local\Microsoft\WindowsApps;C:\Users\AMIT\AppData\Roaming\npm;D:\Selinium\eclipse;
USERNAME=Madhura
OS=Windows_NT
PROCESSOR_IDENTIFIER=Intel64 Family 6 Model 60 Stepping 3, GenuineIntel
TMP=C:\Users\AMIT\AppData\Local\Temp
TEMP=C:\Users\AMIT\AppData\Local\Temp




Periodic native trim disabled

---------------  S Y S T E M  ---------------

OS:
 Windows 10 , 64 bit Build 19041 (10.0.19041.5915)
OS uptime: 1 days 0:56 hours

CPU: total 4 (initial active 4) (2 cores per cpu, 2 threads per core) family 6 model 60 stepping 3 microcode 0x27, cx8, cmov, fxsr, ht, mmx, sse, sse2, sse3, ssse3, sse4.1, sse4.2, popcnt, lzcnt, tsc, tscinvbit, avx, avx2, aes, erms, clmul, bmi1, bmi2, fma, vzeroupper, clflush, rdtscp, f16c
Processor Information for the first 4 processors :
  Max Mhz: 2701, Current Mhz: 2701, Mhz Limit: 2701

Memory: 4k page, system-wide physical 12193M (2847M free)
TotalPageFile size 36249M (AvailPageFile size 97M)
current process WorkingSet (physical memory assigned to process): 10M, peak: 10M
current process commit charge ("private bytes"): 51M, peak: 243M

vm_info: OpenJDK 64-Bit Server VM (21.0.7+6-LTS) for windows-amd64 JRE (21.0.7+6-LTS), built on 2025-04-15T00:00:00Z by "admin" with MS VC++ 17.7 (VS2022)

END.
